---
source: lexer/tests/lexer.rs
description: "\npost http://localhost { \n    header \"Authorization\" \"Bearer token\" \n    body \"{neet: 1337}\" \n}"
expression: "lexer.into_iter().collect::<Vec<Token>>()"
---
[
    Post("post") at Location { line: 1, col: 0 },
    Url("http://localhost") at Location { line: 1, col: 5 },
    LBracket("{") at Location { line: 1, col: 22 },
    Header("header") at Location { line: 2, col: 4 },
    StringLiteral("\"Authorization\"") at Location { line: 2, col: 11 },
    StringLiteral("\"Bearer token\"") at Location { line: 2, col: 27 },
    Body("body") at Location { line: 3, col: 4 },
    StringLiteral("\"{neet: 1337}\"") at Location { line: 3, col: 9 },
    RBracket("}") at Location { line: 4, col: 0 },
]
