---
source: lexer/tests/lexer.rs
description: "`stuff${\"interpolated\"}(things${env(\"dead_night\")}` `dohickeys`"
expression: "lexer.into_iter().collect::<Vec<Token>>()"
---
[
    MultiLineStringLiteral("`stuff") at 0:0,
    DollarSignLBracket("${") at 0:6,
    StringLiteral("\"interpolated\"") at 0:8,
    MultiLineStringLiteral("(things") at 0:23,
    DollarSignLBracket("${") at 0:30,
    Ident("env") at 0:32,
    LParen("(") at 0:35,
    StringLiteral("\"dead_night\"") at 0:36,
    RParen(")") at 0:48,
    MultiLineStringLiteral("`dohickeys`") at 0:52,
]
