---
source: interpreter/tests/interpreter.rs
expression: duped_att_err
---
Error {
    inner_error: DuplicateAttribute {
        name: "name",
    },
    span: Span {
        start: 3:9,
        end: 3:13,
    },
    message: None,
    context: ErrorSourceContext {
        above: Some(
            "        @name(\"a\")",
        ),
        line: "        @name(\"b\")",
        below: Some(
            "        get /api {}",
        ),
    },
}
