---
source: src/parser/error.rs
expression: parser.parse()
---
Program(
  items: [
    Request(
      method: GET,
      endpoint: Pathname(Literal(
        value: "/hello",
        span: Span(
          start: Position(
            value: 4,
            line: 0,
            col: 4,
          ),
          end: Position(
            value: 10,
            line: 0,
            col: 10,
          ),
        ),
      )),
      block: Some(Block(
        statements: [
          Header(
            name: StringLiteral(
              raw: "\"test\"",
              value: "test",
              span: Span(
                start: Position(
                  value: 20,
                  line: 0,
                  col: 20,
                ),
                end: Position(
                  value: 26,
                  line: 0,
                  col: 26,
                ),
              ),
            ),
            value: String(StringLiteral(
              raw: "\"value\"",
              value: "value",
              span: Span(
                start: Position(
                  value: 27,
                  line: 0,
                  col: 27,
                ),
                end: Position(
                  value: 34,
                  line: 0,
                  col: 34,
                ),
              ),
            )),
          ),
          Error(ContextualError(
            inner_error: ExpectedToken(
              found: ErroneousToken(
                kind: RBracket,
                text: "}",
              ),
              expected: StringLiteral,
            ),
            span: Span(
              start: Position(
                value: 35,
                line: 0,
                col: 35,
              ),
              end: Position(
                value: 43,
                line: 0,
                col: 43,
              ),
            ),
            message: None,
            context: ErrorSourceContext(
              above: None,
              line: "get /hello { header \"test\" \"value\" header }",
              below: None,
            ),
            text: "header }",
          )),
        ],
        span: Span(
          start: Position(
            value: 11,
            line: 0,
            col: 11,
          ),
          end: Position(
            value: 43,
            line: 0,
            col: 42,
          ),
        ),
      )),
      span: Span(
        start: Position(
          value: 0,
          line: 0,
          col: 0,
        ),
        end: Position(
          value: 43,
          line: 0,
          col: 42,
        ),
      ),
    ),
  ],
)
