---
source: src/parser/error.rs
expression: parser.parse()
---
Program(
  items: [
    Error(ContextualError(
      inner_error: ExpectedEitherOfTokens(
        found: ErroneousToken(
          kind: LBracket,
          text: "{",
        ),
        expected: [
          Url,
          Pathname,
        ],
      ),
      span: Span(
        start: Position(
          value: 0,
          line: 0,
          col: 0,
        ),
        end: Position(
          value: 5,
          line: 0,
          col: 5,
        ),
      ),
      message: None,
      context: ErrorSourceContext(
        above: None,
        line: "get {}",
        below: None,
      ),
      text: "get {",
    )),
  ],
)
