---
source: src/parser/error.rs
description: get
expression: ast
---
Program(
  source: "get",
  items: [
    Request(
      method: GET,
      endpoint: Expr(Error(ContextualError(
        inner_error: ExpectedEitherOfTokens(
          found: Token(
            kind: End,
            text: "",
            start: Position(
              value: 3,
              line: 0,
              col: 2,
            ),
          ),
          expected: [
            Url,
            Pathname,
            StringLiteral,
            Ident,
          ],
        ),
        span: Span(
          start: Position(
            value: 0,
            line: 0,
            col: 0,
          ),
          end: Position(
            value: 3,
            line: 0,
            col: 2,
          ),
        ),
        message: None,
        context: ErrorSourceContext(
          above: None,
          line: "get",
          below: None,
        ),
      ))),
      block: None,
      span: Span(
        start: Position(
          value: 0,
          line: 0,
          col: 0,
        ),
        end: Position(
          value: 3,
          line: 0,
          col: 2,
        ),
      ),
    ),
  ],
)
