---
source: src/parser/error.rs
description: "\n            @skip\n            @dbg\n            let k = \"v\"\n            get http://localhost { header \"name\" k }"
expression: ast
---
Program(
  source: "\n            @skip\n            @dbg\n            let k = \"v\"\n            get http://localhost { header \"name\" k }",
  items: [
    Attribute(Attribute(
      location: Position(
        value: 13,
        line: 1,
        col: 12,
      ),
      identifier: Ok(Token(
        kind: Ident,
        text: "skip",
        start: Position(
          value: 14,
          line: 1,
          col: 13,
        ),
      )),
      arguments: None,
    )),
    Error(ContextualError(
      inner_error: ExpectedEitherOfTokens(
        found: Token(
          kind: Let,
          text: "let",
          start: Position(
            value: 48,
            line: 3,
            col: 12,
          ),
        ),
        expected: [
          Get,
          Post,
          Put,
          Patch,
          Delete,
          AttributePrefix,
          Linecomment,
        ],
      ),
      span: Span(
        start: Position(
          value: 31,
          line: 2,
          col: 12,
        ),
        end: Position(
          value: 50,
          line: 3,
          col: 14,
        ),
      ),
      message: Some("after attributes should come requests or more attributes"),
      context: ErrorSourceContext(
        above: Some("            @dbg"),
        line: "            let k = \"v\"",
        below: Some("            get http://localhost { header \"name\" k }"),
      ),
    )),
    Let(VariableDeclaration(
      identifier: Ok(Token(
        kind: Ident,
        text: "k",
        start: Position(
          value: 52,
          line: 3,
          col: 16,
        ),
      )),
      value: String(StringLiteral(
        raw: "\"v\"",
        value: "v",
        span: Span(
          start: Position(
            value: 56,
            line: 3,
            col: 20,
          ),
          end: Position(
            value: 58,
            line: 3,
            col: 22,
          ),
        ),
      )),
    )),
    Request(Request(
      method: GET,
      endpoint: Url(Literal(
        value: "http://localhost",
        span: Span(
          start: Position(
            value: 76,
            line: 4,
            col: 16,
          ),
          end: Position(
            value: 91,
            line: 4,
            col: 31,
          ),
        ),
      )),
      block: Some(Block(
        statements: [
          Header(
            name: Ok(StringLiteral(
              raw: "\"name\"",
              value: "name",
              span: Span(
                start: Position(
                  value: 102,
                  line: 4,
                  col: 42,
                ),
                end: Position(
                  value: 107,
                  line: 4,
                  col: 47,
                ),
              ),
            )),
            value: Identifier(Ok(Token(
              kind: Ident,
              text: "k",
              start: Position(
                value: 109,
                line: 4,
                col: 49,
              ),
            ))),
          ),
        ],
        span: Span(
          start: Position(
            value: 93,
            line: 4,
            col: 33,
          ),
          end: Position(
            value: 111,
            line: 4,
            col: 51,
          ),
        ),
      )),
      span: Span(
        start: Position(
          value: 72,
          line: 4,
          col: 12,
        ),
        end: Position(
          value: 111,
          line: 4,
          col: 51,
        ),
      ),
    )),
  ],
)
