---
source: src/parser/error.rs
expression: error
---
ParserErrors {
    errors: [
        post http://localhost {header}
                                     ≈
                                     ↳ [1:30] expected 'string' but got }
        ,
    ],
    incomplete_program: Program {
        items: [
            Request {
                method: POST,
                endpoint: Url(
                    Literal {
                        value: "http://localhost",
                        span: Span {
                            start: Location {
                                line: 0,
                                col: 5,
                            },
                            end: Location {
                                line: 0,
                                col: 21,
                            },
                        },
                    },
                ),
                block: None,
                span: Span {
                    start: Location {
                        line: 0,
                        col: 0,
                    },
                    end: Location {
                        line: 0,
                        col: 21,
                    },
                },
            },
        ],
    },
}
