---
source: src/parser/error.rs
expression: error
---
ParserErrors {
    errors: [
        RecoveredItem {
            item: None,
            error:  let o = ["joe" "world"] 
                            ≈≈≈≈≈≈≈
                            ↳ [1:17] expected ',' but got string
            ,
        },
    ],
}
