---
source: src/parser/error.rs
expression: error
---
ParserErrors {
    errors: [
        RecoveredItem {
            item: Some(
                Request {
                    method: GET,
                    endpoint: Pathname(
                        Literal {
                            value: "/hello",
                            span: Span {
                                start: Location {
                                    line: 0,
                                    col: 4,
                                },
                                end: Location {
                                    line: 0,
                                    col: 10,
                                },
                            },
                        },
                    ),
                    block: Some(
                        Block {
                            statements: [
                                Header {
                                    name: StringLiteral {
                                        raw: "\"test\"",
                                        value: "test",
                                        span: Span {
                                            start: Location {
                                                line: 0,
                                                col: 20,
                                            },
                                            end: Location {
                                                line: 0,
                                                col: 26,
                                            },
                                        },
                                    },
                                    value: String(
                                        StringLiteral {
                                            raw: "\"value\"",
                                            value: "value",
                                            span: Span {
                                                start: Location {
                                                    line: 0,
                                                    col: 27,
                                                },
                                                end: Location {
                                                    line: 0,
                                                    col: 34,
                                                },
                                            },
                                        },
                                    ),
                                },
                            ],
                            span: Span {
                                start: Location {
                                    line: 0,
                                    col: 11,
                                },
                                end: Location {
                                    line: 0,
                                    col: 42,
                                },
                            },
                        },
                    ),
                    span: Span {
                        start: Location {
                            line: 0,
                            col: 0,
                        },
                        end: Location {
                            line: 0,
                            col: 42,
                        },
                    },
                },
            ),
            error: get /hello { header "test" "value" header }
                                                      ≈
                                                      ↳ [1:43] expected 'string' but got }
            ,
        },
    ],
}
