---
source: src/parser/error.rs
expression: error
---
ParserErrors {
    errors: [
        RecoveredItem {
            item: Some(
                Request {
                    method: POST,
                    endpoint: Url(
                        Literal {
                            value: "http://localhost",
                            span: Span {
                                start: Location {
                                    line: 0,
                                    col: 5,
                                },
                                end: Location {
                                    line: 0,
                                    col: 21,
                                },
                            },
                        },
                    ),
                    block: Some(
                        Block {
                            statements: [],
                            span: Span {
                                start: Location {
                                    line: 0,
                                    col: 22,
                                },
                                end: Location {
                                    line: 0,
                                    col: 29,
                                },
                            },
                        },
                    ),
                    span: Span {
                        start: Location {
                            line: 0,
                            col: 0,
                        },
                        end: Location {
                            line: 0,
                            col: 29,
                        },
                    },
                },
            ),
            error: post http://localhost {header}
                                         ≈
                                         ↳ [1:30] expected 'string' but got }
            ,
        },
    ],
}
