---
source: src/parser/error.rs
expression: parser.parse().errors()
---
[
                @dbg
                let k = "v"
                ≈≈≈
                ↳ [4:13] expected either one of 'get','post','put','patch','delete','@','comment' but got let
                         after attributes should come requests or more attributes
                get http://localhost { header "name" k }
    ,
]
