---
source: src/parser/error.rs
expression: error
---
ParserErrors {
    errors: [
        RecoveredItem {
            item: None,
            error:                  yo: "joe"
                             hello: "world"
                             ≈≈≈≈≈
                             ↳ [3:18] expected ',' but got identifier
                           }
            ,
        },
    ],
}
