---
source: src/parser/error.rs
description: post
expression: ast
---
Program(
  source: "post",
  items: [
    Error(ContextualError(
      inner_error: ExpectedEitherOfTokens(
        found: Token(
          kind: End,
          text: "",
          start: Position(
            value: 4,
            line: 0,
            col: 3,
          ),
        ),
        expected: [
          Ident,
          StringLiteral,
          Boolean,
          Number,
          LBracket,
          LSquare,
          Null,
        ],
      ),
      span: Span(
        start: Position(
          value: 4,
          line: 0,
          col: 3,
        ),
        end: Position(
          value: 4,
          line: 0,
          col: 3,
        ),
      ),
      message: Some("expecting only a \'string\', \'url\', or \'pathname\' here"),
      context: ErrorSourceContext(
        above: None,
        line: "post",
        below: None,
      ),
    )),
  ],
)
