---
source: src/parser/error.rs
description: "let o = {\n                 yo: \"joe\"\n                 hello: \"world\"\n               }"
expression: ast
---
Program(
  items: [
    Let(
      identifier: Node(Token(
        kind: Ident,
        text: "o",
        start: Position(
          value: 4,
          line: 0,
          col: 4,
        ),
      )),
      value: Error(ContextualError(
        inner_error: ExpectedToken(
          found: ErroneousToken(
            kind: Ident,
            text: "hello",
          ),
          expected: Comma,
        ),
        span: Span(
          start: Position(
            value: 8,
            line: 0,
            col: 8,
          ),
          end: Position(
            value: 59,
            line: 2,
            col: 22,
          ),
        ),
        bad_token_at: Span(
          start: Position(
            value: 54,
            line: 2,
            col: 17,
          ),
          end: Position(
            value: 59,
            line: 2,
            col: 22,
          ),
        ),
        message: None,
        context: ErrorSourceContext(
          above: Some("                 yo: \"joe\""),
          line: "                 hello: \"world\"",
          below: Some("               }"),
        ),
      )),
    ),
    Error(ContextualError(
      inner_error: ExpectedEitherOfTokens(
        found: ErroneousToken(
          kind: Colon,
          text: ":",
        ),
        expected: [
          Ident,
          StringLiteral,
          Boolean,
          Number,
          MultiLineStringLiteral,
          LBracket,
          LSquare,
          Null,
        ],
      ),
      span: Span(
        start: Position(
          value: 59,
          line: 2,
          col: 22,
        ),
        end: Position(
          value: 60,
          line: 2,
          col: 23,
        ),
      ),
      bad_token_at: Span(
        start: Position(
          value: 59,
          line: 2,
          col: 22,
        ),
        end: Position(
          value: 60,
          line: 2,
          col: 23,
        ),
      ),
      message: None,
      context: ErrorSourceContext(
        above: Some("                 yo: \"joe\""),
        line: "                 hello: \"world\"",
        below: Some("               }"),
      ),
    )),
  ],
)
