---
source: src/parser/error.rs
expression: parser.parse()
---
Program(
  items: [
    Request(
      method: GET,
      endpoint: Pathname(Literal(
        value: "/sdf",
        span: Span(
          start: Position(
            value: 5,
            line: 1,
            col: 4,
          ),
          end: Position(
            value: 9,
            line: 1,
            col: 8,
          ),
        ),
      )),
      block: Some(Block(
        statements: [
          Header(
            name: StringLiteral(
              raw: "",
              value: "",
              span: Span(
                start: Position(
                  value: 22,
                  line: 2,
                  col: 10,
                ),
                end: Position(
                  value: 22,
                  line: 2,
                  col: 10,
                ),
              ),
            ),
            value: Identifier(Identifier(
              name: "s",
              span: Span(
                start: Position(
                  value: 25,
                  line: 2,
                  col: 13,
                ),
                end: Position(
                  value: 26,
                  line: 2,
                  col: 14,
                ),
              ),
            )),
          ),
          Error(ContextualError(
            inner_error: ExpectedEitherOfTokens(
              found: ErroneousToken(
                kind: RBracket,
                text: "}",
              ),
              expected: [
                Ident,
                StringLiteral,
                Boolean,
                Number,
                MultiLineStringLiteral,
                LBracket,
                LSquare,
                Null,
              ],
            ),
            span: Span(
              start: Position(
                value: 30,
                line: 3,
                col: 3,
              ),
              end: Position(
                value: 37,
                line: 3,
                col: 10,
              ),
            ),
            message: None,
            context: ErrorSourceContext(
              above: Some("   header \"\" s"),
              line: "   body  }",
              below: None,
            ),
            text: "}",
          )),
        ],
        span: Span(
          start: Position(
            value: 10,
            line: 1,
            col: 9,
          ),
          end: Position(
            value: 38,
            line: 3,
            col: 10,
          ),
        ),
      )),
      span: Span(
        start: Position(
          value: 1,
          line: 1,
          col: 0,
        ),
        end: Position(
          value: 38,
          line: 3,
          col: 10,
        ),
      ),
    ),
  ],
)
