---
source: parser/src/error.rs
expression: error
---
ParserErrors {
    errors: [
        get http://localhost { header "name" }
                                             ≈
                                             ↳ [1:38] expected either one of [StringLiteral, Ident, MultiLineStringLiteral], but got RBracket(})
        ,
    ],
    incomplete_rogram: Program {
        items: [],
    },
}
