---
source: parser/src/error.rs
expression: error
---
ParserErrors {
    errors: [
                    @dbg
                    let k = "v"
                    ≈≈≈
                    ↳ [4:13] expected either one of 'get','post','put','patch','delete','@' but got let
                             after attributes should come requests or more attributes
                    get http://localhost { header "name" k }
        ,
                    @dbg
                    let k = "v"
                          ≈
                          ↳ [4:19] expected either one of 'identifier','string','boolean','number','string','{','[','null' but got =
                    get http://localhost { header "name" k }
        ,
    ],
    incomplete_rogram: Program {
        items: [
            Attribute {
                location: Location {
                    line: 1,
                    col: 12,
                },
                identifier: Identifier {
                    name: "skip",
                    span: Span {
                        start: Location {
                            line: 1,
                            col: 13,
                        },
                        end: Location {
                            line: 1,
                            col: 17,
                        },
                    },
                },
                parameters: [],
            },
            Expr(
                Identifier(
                    Identifier {
                        name: "k",
                        span: Span {
                            start: Location {
                                line: 3,
                                col: 16,
                            },
                            end: Location {
                                line: 3,
                                col: 17,
                            },
                        },
                    },
                ),
            ),
            Expr(
                String(
                    StringLiteral {
                        raw: "\"v\"",
                        value: "v",
                        span: Span {
                            start: Location {
                                line: 3,
                                col: 20,
                            },
                            end: Location {
                                line: 3,
                                col: 23,
                            },
                        },
                    },
                ),
            ),
            Request {
                method: GET,
                endpoint: Url(
                    Literal {
                        value: "http://localhost",
                        span: Span {
                            start: Location {
                                line: 4,
                                col: 16,
                            },
                            end: Location {
                                line: 4,
                                col: 32,
                            },
                        },
                    },
                ),
                block: Some(
                    Block {
                        statements: [
                            Header {
                                name: StringLiteral {
                                    raw: "\"name\"",
                                    value: "name",
                                    span: Span {
                                        start: Location {
                                            line: 4,
                                            col: 42,
                                        },
                                        end: Location {
                                            line: 4,
                                            col: 48,
                                        },
                                    },
                                },
                                value: Identifier(
                                    Identifier {
                                        name: "k",
                                        span: Span {
                                            start: Location {
                                                line: 4,
                                                col: 49,
                                            },
                                            end: Location {
                                                line: 4,
                                                col: 50,
                                            },
                                        },
                                    },
                                ),
                            },
                        ],
                        span: Span {
                            start: Location {
                                line: 4,
                                col: 33,
                            },
                            end: Location {
                                line: 4,
                                col: 51,
                            },
                        },
                    },
                ),
                span: Span {
                    start: Location {
                        line: 4,
                        col: 12,
                    },
                    end: Location {
                        line: 4,
                        col: 51,
                    },
                },
            },
        ],
    },
}
