---
source: parser/src/error.rs
expression: error
---
ParserErrors {
    errors: [
         let o = ["joe" "world"] 
                        ≈≈≈≈≈≈≈
                        ↳ [1:17] expected Comma, got StringLiteral("world")
        ,
         let o = ["joe" "world"] 
                               ≈
                               ↳ [1:24] expected either one of [Ident, StringLiteral, Boolean, Number, MultiLineStringLiteral, LBracket, LSquare], but got RSquare(])
        ,
    ],
    incomplete_rogram: Program {
        items: [],
    },
}
