---
source: tests/formatter.rs
expression: formatter.into_output()
---
set BASE_URL env("hi")

// let t = {
//   value: 23,
//   love: "you",
//   hello: {
//     world: true, test: {
//       ing: "true", wow: { b: 122 }
//     }
//   }
// }

post `${env("b_url")}/asdf` {
    header "application/json"
    // This a line comment
    // And this is another
    body m
}

// let l 
// = t
//
//         let l = [null, t]
