---
source: tests/formatter.rs
expression: formatter.into_output()
---
set BASE_URL = env("hi")

let t = {
    value: 23,
    love: "you",
    hello: {
        world: true,
        test: {
            ing: "true",
            wow: {
                b: 122
            }
        }
    }
}

let l = t

let l = [null, t]

let l = {
    l: l,
    k: "asdf"
}

let m = json(l)

let a = [m]

let c = json([{
    "asdf": true,
    test: 12434,
    a: 124,
    b: [{
        we: 123
    }]
}])

[test, 12, {
    ness: false,
    wow: [1, 2, 3]
}]

