---
source: tests/lexer.rs
description: "\nlet b = `asdf ${}`\n"
expression: "lexer.into_iter().collect::<Vec<rested::lexer::Token>>()"
---
[
    Let("let") at Position { value: 1, line: 1, col: 0 },
    Ident("b") at Position { value: 5, line: 1, col: 4 },
    Assign("=") at Position { value: 7, line: 1, col: 6 },
    OpeningBackTick("`") at Position { value: 9, line: 1, col: 8 },
    StringLiteral("asdf ") at Position { value: 10, line: 1, col: 9 },
    DollarSignLBracket("${") at Position { value: 15, line: 1, col: 14 },
    RBracket("}") at Position { value: 17, line: 1, col: 16 },
    ClosingBackTick("`") at Position { value: 18, line: 1, col: 17 },
]
