---
source: tests/lexer.rs
description: "`a${\"temp\"}` }}"
expression: "lexer.into_iter().collect::<Vec<rested::lexer::Token>>()"
---
[
    MultiLineStringLiteral("`a") at Location { line: 0, col: 0 },
    DollarSignLBracket("${") at Location { line: 0, col: 2 },
    StringLiteral("\"temp\"") at Location { line: 0, col: 4 },
    RBracket("}") at Location { line: 0, col: 13 },
]
