---
source: tests/lexer.rs
description: "`stuff${\"interpolated\"}(things${env(\"dead_night\")}` `dohickeys`"
expression: "lexer.into_iter().collect::<Vec<rested::lexer::Token>>()"
---
[
    MultiLineStringLiteral("`stuff") at Location { line: 0, col: 0 },
    DollarSignLBracket("${") at Location { line: 0, col: 6 },
    StringLiteral("\"interpolated\"") at Location { line: 0, col: 8 },
    MultiLineStringLiteral("(things") at Location { line: 0, col: 23 },
    DollarSignLBracket("${") at Location { line: 0, col: 30 },
    Ident("env") at Location { line: 0, col: 32 },
    LParen("(") at Location { line: 0, col: 35 },
    StringLiteral("\"dead_night\"") at Location { line: 0, col: 36 },
    RParen(")") at Location { line: 0, col: 48 },
    MultiLineStringLiteral("`dohickeys`") at Location { line: 0, col: 52 },
]
