---
source: tests/lexer.rs
description: "` ${} ${} `"
expression: "lexer.into_iter().collect::<Vec<rested::lexer::Token>>()"
---
[
    OpeningBackTick("`") at Position { value: 0, line: 0, col: 0 },
    StringLiteral(" ") at Position { value: 1, line: 0, col: 1 },
    DollarSignLBracket("${") at Position { value: 2, line: 0, col: 2 },
    RBracket("}") at Position { value: 4, line: 0, col: 4 },
    StringLiteral(" ") at Position { value: 5, line: 0, col: 5 },
    DollarSignLBracket("${") at Position { value: 6, line: 0, col: 6 },
    RBracket("}") at Position { value: 8, line: 0, col: 8 },
    StringLiteral(" ") at Position { value: 9, line: 0, col: 9 },
    ClosingBackTick("`") at Position { value: 10, line: 0, col: 10 },
]
