---
source: lexer/tests/lexer.rs
description: " { \"Bearer token\" } "
expression: "lexer.into_iter().collect::<Vec<Token>>()"
---
[
    LBracket("{") at Location { line: 0, col: 1 },
    StringLiteral("\"Bearer token\"") at Location { line: 0, col: 3 },
    RBracket("}") at Location { line: 0, col: 18 },
]
