---
source: tests/lexer.rs
description: "\n\"hello\n\"world\n"
expression: "lexer.into_iter().collect::<Vec<rested::lexer::Token>>()"
---
[
    UnfinishedStringLiteral("\"hello") at Position { value: 1, line: 1, col: 0 },
    UnfinishedStringLiteral("\"world") at Position { value: 8, line: 2, col: 0 },
]
