---
source: tests/lexer.rs
description: "\nlet b = `asdf ${}` \n"
expression: "lexer.into_iter().collect::<Vec<rested::lexer::Token>>()"
---
[
    Let("let") at Position { value: 1, line: 1, col: 0 },
    Ident("b") at Position { value: 5, line: 1, col: 4 },
    Assign("=") at Position { value: 7, line: 1, col: 6 },
    MultiLineStringLiteral("`asdf ") at Position { value: 9, line: 1, col: 8 },
    DollarSignLBracket("${") at Position { value: 15, line: 1, col: 14 },
    MultiLineStringLiteral("`") at Position { value: 18, line: 1, col: 17 },
]
