---
source: tests/lexer.rs
description: "`asdf ${test} ${df} `"
expression: "lexer.into_iter().collect::<Vec<rested::lexer::Token>>()"
---
[
    OpeningBackTick("`") at Position { value: 0, line: 0, col: 0 },
    StringLiteral("asdf ") at Position { value: 1, line: 0, col: 1 },
    DollarSignLBracket("${") at Position { value: 6, line: 0, col: 6 },
    Ident("test") at Position { value: 8, line: 0, col: 8 },
    RBracket("}") at Position { value: 12, line: 0, col: 12 },
    StringLiteral(" ") at Position { value: 13, line: 0, col: 13 },
    DollarSignLBracket("${") at Position { value: 14, line: 0, col: 14 },
    Ident("df") at Position { value: 16, line: 0, col: 16 },
    RBracket("}") at Position { value: 18, line: 0, col: 18 },
    StringLiteral(" ") at Position { value: 19, line: 0, col: 19 },
    ClosingBackTick("`") at Position { value: 20, line: 0, col: 20 },
]
