---
source: tests/lexer.rs
description: " \"\" \"\" ``"
expression: "lexer.into_iter().collect::<Vec<rested::lexer::Token>>()"
---
[
    StringLiteral("") at Location { line: 0, col: 1 },
    StringLiteral("") at Location { line: 0, col: 4 },
    StringLiteral("") at Location { line: 0, col: 7 },
]
