---
source: tests/parser.rs
description: "\nlet o = {\n    key: \"value\",\n    akey: [1, 2, 3,],\n    love: \"me\",\n    \"test\": {a: \"asdf\", b: 1, c: 3,},\n}"
expression: ast
---
Program(
  items: [
    Let(
      identifier: Node(Token(
        kind: Ident,
        text: "o",
        start: Position(
          value: 5,
          line: 1,
          col: 4,
        ),
      )),
      value: Object((Span(
        start: Position(
          value: 9,
          line: 1,
          col: 8,
        ),
        end: Position(
          value: 106,
          line: 6,
          col: 1,
        ),
      ), {
        "akey": Array((Span(
          start: Position(
            value: 39,
            line: 3,
            col: 10,
          ),
          end: Position(
            value: 49,
            line: 3,
            col: 20,
          ),
        ), [
          Number(Literal(
            value: "1",
            span: Span(
              start: Position(
                value: 40,
                line: 3,
                col: 11,
              ),
              end: Position(
                value: 41,
                line: 3,
                col: 12,
              ),
            ),
          )),
          Number(Literal(
            value: "2",
            span: Span(
              start: Position(
                value: 43,
                line: 3,
                col: 14,
              ),
              end: Position(
                value: 44,
                line: 3,
                col: 15,
              ),
            ),
          )),
          Number(Literal(
            value: "3",
            span: Span(
              start: Position(
                value: 46,
                line: 3,
                col: 17,
              ),
              end: Position(
                value: 47,
                line: 3,
                col: 18,
              ),
            ),
          )),
        ])),
        "key": String(StringLiteral(
          raw: "\"value\"",
          value: "value",
          span: Span(
            start: Position(
              value: 20,
              line: 2,
              col: 9,
            ),
            end: Position(
              value: 27,
              line: 2,
              col: 16,
            ),
          ),
        )),
        "love": String(StringLiteral(
          raw: "\"me\"",
          value: "me",
          span: Span(
            start: Position(
              value: 61,
              line: 4,
              col: 10,
            ),
            end: Position(
              value: 65,
              line: 4,
              col: 14,
            ),
          ),
        )),
        "test": Object((Span(
          start: Position(
            value: 79,
            line: 5,
            col: 12,
          ),
          end: Position(
            value: 103,
            line: 5,
            col: 36,
          ),
        ), {
          "a": String(StringLiteral(
            raw: "\"asdf\"",
            value: "asdf",
            span: Span(
              start: Position(
                value: 83,
                line: 5,
                col: 16,
              ),
              end: Position(
                value: 89,
                line: 5,
                col: 22,
              ),
            ),
          )),
          "b": Number(Literal(
            value: "1",
            span: Span(
              start: Position(
                value: 94,
                line: 5,
                col: 27,
              ),
              end: Position(
                value: 95,
                line: 5,
                col: 28,
              ),
            ),
          )),
          "c": Number(Literal(
            value: "3",
            span: Span(
              start: Position(
                value: 100,
                line: 5,
                col: 33,
              ),
              end: Position(
                value: 101,
                line: 5,
                col: 34,
              ),
            ),
          )),
        })),
      })),
    ),
  ],
)
