---
source: parser/tests/parser.rs
description: "\nlet o = {\n    key: read(\"test\"),\n    akey: env(\"url\")\n}"
expression: ast
---
Program(
  items: [
    Let(
      identifier: Identifier(
        name: "o",
        span: Span(
          start: Location(
            line: 1,
            col: 4,
          ),
          end: Location(
            line: 1,
            col: 5,
          ),
        ),
      ),
      value: Object((Span(
        start: Location(
          line: 1,
          col: 8,
        ),
        end: Location(
          line: 4,
          col: 1,
        ),
      ), {
        "akey": Call(
          identifier: Identifier(
            name: "env",
            span: Span(
              start: Location(
                line: 3,
                col: 10,
              ),
              end: Location(
                line: 3,
                col: 13,
              ),
            ),
          ),
          arguments: [
            String(StringLiteral(
              raw: "\"url\"",
              value: "url",
              span: Span(
                start: Location(
                  line: 3,
                  col: 14,
                ),
                end: Location(
                  line: 3,
                  col: 19,
                ),
              ),
            )),
          ],
        ),
        "key": Call(
          identifier: Identifier(
            name: "read",
            span: Span(
              start: Location(
                line: 2,
                col: 9,
              ),
              end: Location(
                line: 2,
                col: 13,
              ),
            ),
          ),
          arguments: [
            String(StringLiteral(
              raw: "\"test\"",
              value: "test",
              span: Span(
                start: Location(
                  line: 2,
                  col: 14,
                ),
                end: Location(
                  line: 2,
                  col: 20,
                ),
              ),
            )),
          ],
        ),
      })),
    ),
  ],
)
