---
source: tests/parser.rs
description: "\nlet o = {\n    key: read(\"test\"),\n    akey: env(\"url\")\n}"
expression: ast
---
Program(
  items: [
    Let(
      identifier: Node(Token(
        kind: Ident,
        text: "o",
        start: Position(
          value: 5,
          line: 1,
          col: 4,
        ),
      )),
      value: Object((Span(
        start: Position(
          value: 9,
          line: 1,
          col: 8,
        ),
        end: Position(
          value: 56,
          line: 4,
          col: 1,
        ),
      ), {
        "akey": Call(
          identifier: Node(Token(
            kind: Ident,
            text: "env",
            start: Position(
              value: 44,
              line: 3,
              col: 10,
            ),
          )),
          arguments: [
            String(StringLiteral(
              raw: "\"url\"",
              value: "url",
              span: Span(
                start: Position(
                  value: 48,
                  line: 3,
                  col: 14,
                ),
                end: Position(
                  value: 53,
                  line: 3,
                  col: 19,
                ),
              ),
            )),
          ],
        ),
        "key": Call(
          identifier: Node(Token(
            kind: Ident,
            text: "read",
            start: Position(
              value: 20,
              line: 2,
              col: 9,
            ),
          )),
          arguments: [
            String(StringLiteral(
              raw: "\"test\"",
              value: "test",
              span: Span(
                start: Position(
                  value: 25,
                  line: 2,
                  col: 14,
                ),
                end: Position(
                  value: 31,
                  line: 2,
                  col: 20,
                ),
              ),
            )),
          ],
        ),
      })),
    ),
  ],
)
