---
source: tests/parser.rs
description: "\nlet b = `asdf ${}` \nlet c = {}\n"
expression: ast
---
Program(
  source: "\nlet b = `asdf ${}` \nlet c = {}\n",
  items: [
    Let(VariableDeclaration(
      identifier: Ok(Token(
        kind: Ident,
        text: "b",
        start: Position(
          value: 5,
          line: 1,
          col: 4,
        ),
      )),
      value: TemplateSringLiteral(
        span: Span(
          start: Position(
            value: 9,
            line: 1,
            col: 8,
          ),
          end: Position(
            value: 18,
            line: 1,
            col: 17,
          ),
        ),
        parts: [
          StringPart(StringLiteral(
            raw: "asdf ",
            value: "asdf ",
            span: Span(
              start: Position(
                value: 10,
                line: 1,
                col: 9,
              ),
              end: Position(
                value: 14,
                line: 1,
                col: 13,
              ),
            ),
          )),
        ],
      ),
    )),
    Let(VariableDeclaration(
      identifier: Ok(Token(
        kind: Ident,
        text: "c",
        start: Position(
          value: 25,
          line: 2,
          col: 4,
        ),
      )),
      value: EmptyObject(Span(
        start: Position(
          value: 29,
          line: 2,
          col: 8,
        ),
        end: Position(
          value: 30,
          line: 2,
          col: 9,
        ),
      )),
    )),
  ],
)
