---
source: tests/parser.rs
description: "post http://localhost { header \"name\" env(\"auth\") body env(\"data\") }"
expression: ast
---
Program(
  items: [
    Request(
      method: POST,
      endpoint: Url(Literal(
        value: "http://localhost",
        span: Span(
          start: Position(
            value: 5,
            line: 0,
            col: 5,
          ),
          end: Position(
            value: 21,
            line: 0,
            col: 21,
          ),
        ),
      )),
      block: Some(Block(
        statements: [
          Header(
            name: Node(StringLiteral(
              raw: "\"name\"",
              value: "name",
              span: Span(
                start: Position(
                  value: 31,
                  line: 0,
                  col: 31,
                ),
                end: Position(
                  value: 37,
                  line: 0,
                  col: 37,
                ),
              ),
            )),
            value: Call(
              identifier: Node(Token(
                kind: Ident,
                text: "env",
                start: Position(
                  value: 38,
                  line: 0,
                  col: 38,
                ),
              )),
              arguments: [
                String(StringLiteral(
                  raw: "\"auth\"",
                  value: "auth",
                  span: Span(
                    start: Position(
                      value: 42,
                      line: 0,
                      col: 42,
                    ),
                    end: Position(
                      value: 48,
                      line: 0,
                      col: 48,
                    ),
                  ),
                )),
              ],
            ),
          ),
          Body(
            value: Call(
              identifier: Node(Token(
                kind: Ident,
                text: "env",
                start: Position(
                  value: 55,
                  line: 0,
                  col: 55,
                ),
              )),
              arguments: [
                String(StringLiteral(
                  raw: "\"data\"",
                  value: "data",
                  span: Span(
                    start: Position(
                      value: 59,
                      line: 0,
                      col: 59,
                    ),
                    end: Position(
                      value: 65,
                      line: 0,
                      col: 65,
                    ),
                  ),
                )),
              ],
            ),
            start: Position(
              value: 50,
              line: 0,
              col: 50,
            ),
          ),
        ],
        span: Span(
          start: Position(
            value: 22,
            line: 0,
            col: 22,
          ),
          end: Position(
            value: 67,
            line: 0,
            col: 67,
          ),
        ),
      )),
      span: Span(
        start: Position(
          value: 0,
          line: 0,
          col: 0,
        ),
        end: Position(
          value: 67,
          line: 0,
          col: 67,
        ),
      ),
    ),
  ],
)
