---
source: tests/parser.rs
description: "@log(\"path/to/file\") get /api"
expression: ast
---
Program(
  items: [
    Attribute(
      location: Position(
        value: 0,
        line: 0,
        col: 0,
      ),
      identifier: Identifier(
        name: "log",
        span: Span(
          start: Position(
            value: 1,
            line: 0,
            col: 1,
          ),
          end: Position(
            value: 4,
            line: 0,
            col: 4,
          ),
        ),
      ),
      parameters: [
        String(StringLiteral(
          raw: "\"path/to/file\"",
          value: "path/to/file",
          span: Span(
            start: Position(
              value: 5,
              line: 0,
              col: 5,
            ),
            end: Position(
              value: 19,
              line: 0,
              col: 19,
            ),
          ),
        )),
      ],
    ),
    Request(
      method: GET,
      endpoint: Pathname(Literal(
        value: "/api",
        span: Span(
          start: Position(
            value: 25,
            line: 0,
            col: 25,
          ),
          end: Position(
            value: 29,
            line: 0,
            col: 29,
          ),
        ),
      )),
      block: None,
      span: Span(
        start: Position(
          value: 21,
          line: 0,
          col: 21,
        ),
        end: Position(
          value: 29,
          line: 0,
          col: 29,
        ),
      ),
    ),
  ],
)
