---
source: tests/parser.rs
description: "\nlet b = `asdf ${}` \n"
expression: ast
---
Program(
  source: "\nlet b = `asdf ${}` \n",
  items: [
    Let(VariableDeclaration(
      identifier: Ok(Token(
        kind: Ident,
        text: "b",
        start: Position(
          value: 5,
          line: 1,
          col: 4,
        ),
      )),
      value: TemplateSringLiteral(
        span: Span(
          start: Position(
            value: 9,
            line: 1,
            col: 8,
          ),
          end: Position(
            value: 18,
            line: 1,
            col: 17,
          ),
        ),
        parts: [
          String(StringLiteral(
            raw: "`asdf ",
            value: "asdf ",
            span: Span(
              start: Position(
                value: 9,
                line: 1,
                col: 8,
              ),
              end: Position(
                value: 14,
                line: 1,
                col: 13,
              ),
            ),
          )),
          String(StringLiteral(
            raw: "`",
            value: "",
            span: Span(
              start: Position(
                value: 18,
                line: 1,
                col: 17,
              ),
              end: Position(
                value: 18,
                line: 1,
                col: 17,
              ),
            ),
          )),
        ],
      ),
    )),
  ],
)
