---
source: tests/parser.rs
description: "\nset BASE_URL \"httas...\"\npost http://lasdf.. {}\n// asdfasdf\n\nlet output_file = \"output/file.json\"\nlet token = env(\"auth-token\")\n\n@log(output_file)\nget /asd {\n  // asdfasd\n  header \"Authorization\" token\n  body `{\n      \"neet\": \"${env(\"var\")}\",\n      \"nerd\": \"${output_file}\",\n  }`\n}"
expression: p
---
Program(
  items: [
    Set(
      identifier: Identifier(
        name: "BASE_URL",
        location: Location(
          line: 1,
          col: 4,
        ),
      ),
      value: String(Literal(
        value: "httas...",
        location: Location(
          line: 1,
          col: 13,
        ),
      )),
    ),
    Request(
      method: POST,
      endpoint: Url(Literal(
        value: "http://lasdf..",
        location: Location(
          line: 2,
          col: 5,
        ),
      )),
      params: [],
      location: Location(
        line: 2,
        col: 0,
      ),
    ),
    LineComment(Literal(
      value: "// asdfasdf",
      location: Location(
        line: 3,
        col: 0,
      ),
    )),
    Let(
      identifier: Identifier(
        name: "output_file",
        location: Location(
          line: 5,
          col: 4,
        ),
      ),
      value: String(Literal(
        value: "output/file.json",
        location: Location(
          line: 5,
          col: 18,
        ),
      )),
    ),
    Let(
      identifier: Identifier(
        name: "token",
        location: Location(
          line: 6,
          col: 4,
        ),
      ),
      value: Call(
        identifier: Identifier(
          name: "env",
          location: Location(
            line: 6,
            col: 12,
          ),
        ),
        arguments: [
          String(Literal(
            value: "auth-token",
            location: Location(
              line: 6,
              col: 16,
            ),
          )),
        ],
      ),
    ),
    Attribute(
      location: Location(
        line: 8,
        col: 0,
      ),
      identifier: Identifier(
        name: "log",
        location: Location(
          line: 8,
          col: 1,
        ),
      ),
      parameters: [
        Identifier(Identifier(
          name: "output_file",
          location: Location(
            line: 8,
            col: 5,
          ),
        )),
      ],
    ),
    Request(
      method: GET,
      endpoint: Pathname(Literal(
        value: "/asd",
        location: Location(
          line: 9,
          col: 4,
        ),
      )),
      params: [
        LineComment(Literal(
          value: "// asdfasd",
          location: Location(
            line: 10,
            col: 2,
          ),
        )),
        Header(
          name: Literal(
            value: "Authorization",
            location: Location(
              line: 11,
              col: 9,
            ),
          ),
          value: Identifier(Identifier(
            name: "token",
            location: Location(
              line: 11,
              col: 25,
            ),
          )),
        ),
        Body(
          value: TemplateSringLiteral(
            parts: [
              String(Literal(
                value: "{\n      \"neet\": \"",
                location: Location(
                  line: 12,
                  col: 7,
                ),
              )),
              Call(
                identifier: Identifier(
                  name: "env",
                  location: Location(
                    line: 13,
                    col: 17,
                  ),
                ),
                arguments: [
                  String(Literal(
                    value: "var",
                    location: Location(
                      line: 13,
                      col: 21,
                    ),
                  )),
                ],
              ),
              String(Literal(
                value: "\",\n      \"nerd\": \"",
                location: Location(
                  line: 13,
                  col: 27,
                ),
              )),
              Identifier(Identifier(
                name: "output_file",
                location: Location(
                  line: 14,
                  col: 17,
                ),
              )),
              String(Literal(
                value: "\",\n  }",
                location: Location(
                  line: 14,
                  col: 28,
                ),
              )),
            ],
          ),
          location: Location(
            line: 12,
            col: 2,
          ),
        ),
      ],
      location: Location(
        line: 9,
        col: 0,
      ),
    ),
  ],
)
